exports[`Home component tests should invoke private generateRandom method on button click 1`] = `
ShallowWrapper {
  "complexSelector": ComplexSelector {
    "buildPredicate": [Function],
    "childrenOfNode": [Function],
    "findWhereUnwrapped": [Function],
  },
  "length": 1,
  "node": <div>
    <p>
        Click button below to generate a random number!
    </p>
    <div>
        45
    </div>
    <button
        onClick={[Function]}>
        Generate random number
    </button>
</div>,
  "nodes": Array [
    <div>
      <p>
            Click button below to generate a random number!
      </p>
      <div>
            45
      </div>
      <button
            onClick={[Function]}>
            Generate random number
      </button>
</div>,
  ],
  "options": Object {},
  "renderer": ReactShallowRenderer {
    "_instance": ShallowComponentWrapper {
      "_calledComponentWillUnmount": false,
      "_compositeType": 0,
      "_context": Object {},
      "_currentElement": <Home
        randomNumber={45} />,
      "_debugID": 3,
      "_hostContainerInfo": null,
      "_hostParent": null,
      "_instance": Home {
        "_reactInternalInstance": [Circular],
        "context": Object {},
        "onClickGenerateRandom": [Function],
        "props": Object {
          "randomNumber": 45,
        },
        "refs": Object {},
        "state": null,
        "updater": Object {
          "enqueueCallback": [Function],
          "enqueueCallbackInternal": [Function],
          "enqueueElementInternal": [Function],
          "enqueueForceUpdate": [Function],
          "enqueueReplaceState": [Function],
          "enqueueSetState": [Function],
          "isMounted": [Function],
          "validateCallback": [Function],
        },
      },
      "_mountOrder": 2,
      "_pendingCallbacks": null,
      "_pendingElement": null,
      "_pendingForceUpdate": false,
      "_pendingReplaceState": false,
      "_pendingStateQueue": null,
      "_renderedComponent": NoopInternalComponent {
        "_currentElement": <div>
          <p>
                    Click button below to generate a random number!
          </p>
          <div>
                    45
          </div>
          <button
                    onClick={[Function]}>
                    Generate random number
          </button>
</div>,
        "_debugID": 4,
        "_renderedOutput": <div>
          <p>
                    Click button below to generate a random number!
          </p>
          <div>
                    45
          </div>
          <button
                    onClick={[Function]}>
                    Generate random number
          </button>
</div>,
      },
      "_renderedNodeType": 0,
      "_rootNodeID": 0,
      "_topLevelWrapper": null,
      "_updateBatchNumber": null,
      "_warnedAboutRefsInRender": false,
    },
    "getRenderOutput": [Function],
    "render": [Function],
  },
  "root": [Circular],
  "unrendered": <Home
    randomNumber={45} />,
}
`;

exports[`Home component tests should render correctly 1`] = `
ShallowWrapper {
  "complexSelector": ComplexSelector {
    "buildPredicate": [Function],
    "childrenOfNode": [Function],
    "findWhereUnwrapped": [Function],
  },
  "length": 1,
  "node": <div>
    <p>
        Click button below to generate a random number!
    </p>
    <div>
        45
    </div>
    <button
        onClick={[Function]}>
        Generate random number
    </button>
</div>,
  "nodes": Array [
    <div>
      <p>
            Click button below to generate a random number!
      </p>
      <div>
            45
      </div>
      <button
            onClick={[Function]}>
            Generate random number
      </button>
</div>,
  ],
  "options": Object {},
  "renderer": ReactShallowRenderer {
    "_instance": ShallowComponentWrapper {
      "_calledComponentWillUnmount": false,
      "_compositeType": 0,
      "_context": Object {},
      "_currentElement": <Home
        randomNumber={45} />,
      "_debugID": 1,
      "_hostContainerInfo": null,
      "_hostParent": null,
      "_instance": Home {
        "_reactInternalInstance": [Circular],
        "context": Object {},
        "onClickGenerateRandom": [Function],
        "props": Object {
          "randomNumber": 45,
        },
        "refs": Object {},
        "state": null,
        "updater": Object {
          "enqueueCallback": [Function],
          "enqueueCallbackInternal": [Function],
          "enqueueElementInternal": [Function],
          "enqueueForceUpdate": [Function],
          "enqueueReplaceState": [Function],
          "enqueueSetState": [Function],
          "isMounted": [Function],
          "validateCallback": [Function],
        },
      },
      "_mountOrder": 1,
      "_pendingCallbacks": null,
      "_pendingElement": null,
      "_pendingForceUpdate": false,
      "_pendingReplaceState": false,
      "_pendingStateQueue": null,
      "_renderedComponent": NoopInternalComponent {
        "_currentElement": <div>
          <p>
                    Click button below to generate a random number!
          </p>
          <div>
                    45
          </div>
          <button
                    onClick={[Function]}>
                    Generate random number
          </button>
</div>,
        "_debugID": 2,
        "_renderedOutput": <div>
          <p>
                    Click button below to generate a random number!
          </p>
          <div>
                    45
          </div>
          <button
                    onClick={[Function]}>
                    Generate random number
          </button>
</div>,
      },
      "_renderedNodeType": 0,
      "_rootNodeID": 0,
      "_topLevelWrapper": null,
      "_updateBatchNumber": null,
      "_warnedAboutRefsInRender": false,
    },
    "getRenderOutput": [Function],
    "render": [Function],
  },
  "root": [Circular],
  "unrendered": <Home
    randomNumber={45} />,
}
`;
